[debug] [2026-07-29T17:54:58.851Z] ----------------------------------------------------------------------
[debug] [2026-07-29T17:54:58.854Z] Command:       /usr/local/bin/node /usr/local/bin/firebase deploy --only hosting --project xanthic-origin-rh7sp --non-interactive
[debug] [2026-07-29T17:54:58.854Z] CLI Version:   15.22.1
[debug] [2026-07-29T17:54:58.854Z] Platform:      linux
[debug] [2026-07-29T17:54:58.855Z] Node Version:  v22.23.1
[debug] [2026-07-29T17:54:58.855Z] Detected Agent: unknown
[debug] [2026-07-29T17:54:58.855Z] Time:          Wed Jul 29 2026 17:54:58 GMT+0000 (Coordinated Universal Time)
[debug] [2026-07-29T17:54:58.855Z] ----------------------------------------------------------------------
[debug] 
[debug] [2026-07-29T17:54:58.858Z] >>> [apiv2][query] GET https://firebase-public.firebaseio.com/cli.json [none]
[debug] [2026-07-29T17:55:01.287Z] > command requires scopes: ["email","openid","https://www.googleapis.com/auth/cloudplatformprojects.readonly","https://www.googleapis.com/auth/firebase","https://www.googleapis.com/auth/cloud-platform"]
[debug] [2026-07-29T17:55:01.337Z] Running auto auth
[debug] [2026-07-29T17:55:01.341Z] [iam] checking project xanthic-origin-rh7sp for permissions ["firebase.projects.get","firebasehosting.sites.update"]
[debug] [2026-07-29T17:55:01.341Z] No OAuth tokens found
[debug] [2026-07-29T17:55:01.342Z] >>> [apiv2][query] POST https://cloudresourcemanager.googleapis.com/v1/projects/xanthic-origin-rh7sp:testIamPermissions [none]
[debug] [2026-07-29T17:55:01.342Z] >>> [apiv2][(partial)header] POST https://cloudresourcemanager.googleapis.com/v1/projects/xanthic-origin-rh7sp:testIamPermissions  x-goog-user-project=xanthic-origin-rh7sp
[debug] [2026-07-29T17:55:01.342Z] >>> [apiv2][body] POST https://cloudresourcemanager.googleapis.com/v1/projects/xanthic-origin-rh7sp:testIamPermissions {"permissions":["firebase.projects.get","firebasehosting.sites.update"]}
[debug] [2026-07-29T17:55:01.509Z] <<< [apiv2][status] GET https://firebase-public.firebaseio.com/cli.json 200
[debug] [2026-07-29T17:55:01.509Z] <<< [apiv2][body] GET https://firebase-public.firebaseio.com/cli.json {"cloudBuildErrorAfter":1594252800000,"cloudBuildWarnAfter":1590019200000,"defaultNode10After":1594252800000,"minVersion":"3.0.5","node8DeploysDisabledAfter":1613390400000,"node8RuntimeDisabledAfter":1615809600000,"node8WarnAfter":1600128000000}
[debug] [2026-07-29T17:55:02.037Z] <<< [apiv2][status] POST https://cloudresourcemanager.googleapis.com/v1/projects/xanthic-origin-rh7sp:testIamPermissions 403
[debug] [2026-07-29T17:55:02.037Z] <<< [apiv2][body] POST https://cloudresourcemanager.googleapis.com/v1/projects/xanthic-origin-rh7sp:testIamPermissions {"error":{"code":403,"message":"Caller does not have required permission to use project xanthic-origin-rh7sp. Grant the caller the roles/serviceusage.serviceUsageConsumer role, or a custom role with the serviceusage.services.use permission, by visiting https://console.developers.google.com/iam-admin/iam?project=xanthic-origin-rh7sp and then retry. Propagation of the new permission may take a few minutes.","status":"PERMISSION_DENIED","details":[{"@type":"type.googleapis.com/google.rpc.ErrorInfo","reason":"USER_PROJECT_DENIED","domain":"googleapis.com","metadata":{"containerInfo":"xanthic-origin-rh7sp","consoleUrl":"https://console.developers.google.com/iam-admin/iam?project=xanthic-origin-rh7sp","service":"cloudresourcemanager.googleapis.com","consumer":"projects/xanthic-origin-rh7sp"}},{"@type":"type.googleapis.com/google.rpc.LocalizedMessage","locale":"en-US","message":"Caller does not have required permission to use project xanthic-origin-rh7sp. Grant the caller the roles/serviceusage.serviceUsageConsumer role, or a custom role with the serviceusage.services.use permission, by visiting https://console.developers.google.com/iam-admin/iam?project=xanthic-origin-rh7sp and then retry. Propagation of the new permission may take a few minutes."},{"@type":"type.googleapis.com/google.rpc.Help","links":[{"description":"Google developer console IAM admin","url":"https://console.developers.google.com/iam-admin/iam?project=xanthic-origin-rh7sp"}]}]}}
[debug] [2026-07-29T17:55:02.038Z] [iam] error while checking permissions, command may fail: Request to https://cloudresourcemanager.googleapis.com/v1/projects/xanthic-origin-rh7sp:testIamPermissions had HTTP Error: 403, Caller does not have required permission to use project xanthic-origin-rh7sp. Grant the caller the roles/serviceusage.serviceUsageConsumer role, or a custom role with the serviceusage.services.use permission, by visiting https://console.developers.google.com/iam-admin/iam?project=xanthic-origin-rh7sp and then retry. Propagation of the new permission may take a few minutes.
[debug] [2026-07-29T17:55:02.039Z] No OAuth tokens found
[debug] [2026-07-29T17:55:02.039Z] >>> [apiv2][query] GET https://firebase.googleapis.com/v1beta1/projects/xanthic-origin-rh7sp [none]
[debug] [2026-07-29T17:55:02.099Z] <<< [apiv2][status] GET https://firebase.googleapis.com/v1beta1/projects/xanthic-origin-rh7sp 403
[debug] [2026-07-29T17:55:02.100Z] <<< [apiv2][body] GET https://firebase.googleapis.com/v1beta1/projects/xanthic-origin-rh7sp {"error":{"code":403,"message":"Firebase Management API has not been used in project 116041841721 before or it is disabled. Enable it by visiting https://console.developers.google.com/apis/api/firebase.googleapis.com/overview?project=116041841721 then retry. If you enabled this API recently, wait a few minutes for the action to propagate to our systems and retry.","status":"PERMISSION_DENIED","details":[{"@type":"type.googleapis.com/google.rpc.ErrorInfo","reason":"SERVICE_DISABLED","domain":"googleapis.com","metadata":{"service":"firebase.googleapis.com","activationUrl":"https://console.developers.google.com/apis/api/firebase.googleapis.com/overview?project=116041841721","serviceTitle":"Firebase Management API","containerInfo":"116041841721","consumer":"projects/116041841721"}},{"@type":"type.googleapis.com/google.rpc.LocalizedMessage","locale":"en-US","message":"Firebase Management API has not been used in project 116041841721 before or it is disabled. Enable it by visiting https://console.developers.google.com/apis/api/firebase.googleapis.com/overview?project=116041841721 then retry. If you enabled this API recently, wait a few minutes for the action to propagate to our systems and retry."},{"@type":"type.googleapis.com/google.rpc.Help","links":[{"description":"Google developers console API activation","url":"https://console.developers.google.com/apis/api/firebase.googleapis.com/overview?project=116041841721"}]}]}}
[debug] [2026-07-29T17:55:02.100Z] Request to https://firebase.googleapis.com/v1beta1/projects/xanthic-origin-rh7sp had HTTP Error: 403, Firebase Management API has not been used in project 116041841721 before or it is disabled. Enable it by visiting https://console.developers.google.com/apis/api/firebase.googleapis.com/overview?project=116041841721 then retry. If you enabled this API recently, wait a few minutes for the action to propagate to our systems and retry.
[debug] [2026-07-29T17:55:02.102Z] FirebaseError: Request to https://firebase.googleapis.com/v1beta1/projects/xanthic-origin-rh7sp had HTTP Error: 403, Firebase Management API has not been used in project 116041841721 before or it is disabled. Enable it by visiting https://console.developers.google.com/apis/api/firebase.googleapis.com/overview?project=116041841721 then retry. If you enabled this API recently, wait a few minutes for the action to propagate to our systems and retry.
    at responseToError (/usr/local/lib/node_modules/firebase-tools/lib/responseToError.js:53:12)
    at RetryOperation._fn (/usr/local/lib/node_modules/firebase-tools/lib/apiv2.js:333:77)
    at process.processTicksAndRejections (node:internal/process/task_queues:103:5)
[error] 
[error] Error: Failed to get Firebase project xanthic-origin-rh7sp. Please make sure the project exists and your account has permission to access it.
